// Jest Snapshot v1, https://goo.gl/fbAQLP

exports[`ForecastSummaries renders correctly to match ForecastSummaries snapshot 1`] = `
<DocumentFragment>
  <div
    class="forecast-summaries"
  >
    <div
      class="forecast-summary"
    >
      <div
        class="date"
        data-testid="date-id"
      >
        Mon 30th Apr
      </div>
      <div
        class="temperature"
        data-testid="temperature-id"
      >
        999°c
      </div>
      <div
        class="description"
        data-testid="description-id"
      >
        date1
      </div>
      <div
        class="icon"
        data-testid="icon-id"
      >
        <i
          class="wi wi-day-storm-showers"
          name="owm"
        />
      </div>
      <button>
        More Details
      </button>
    </div>
    <div
      class="forecast-summary"
    >
      <div
        class="date"
        data-testid="date-id"
      >
        Tue 1st May
      </div>
      <div
        class="temperature"
        data-testid="temperature-id"
      >
        777°c
      </div>
      <div
        class="description"
        data-testid="description-id"
      >
        date2
      </div>
      <div
        class="icon"
        data-testid="icon-id"
      >
        <i
          class="wi wi-day-storm-showers"
          name="owm"
        />
      </div>
      <button>
        More Details
      </button>
    </div>
  </div>
</DocumentFragment>
`;
