// Jest Snapshot v1, https://goo.gl/fbAQLP

exports[`ForecastDetails renders correctly to match ForecastDetails snapshot 1`] = `
<DocumentFragment>
  <div
    class="forecast-details"
  >
    <div
      class="date"
    >
      Mon 30th Apr
    </div>
    <div
      class="temperatureMax"
    >
      Max Temperature: 11°c
    </div>
    <div
      class="temperatureMin"
    >
      Min Temperature: 4°c
    </div>
    <div
      class="humidity"
    >
      Humidity: 30%
    </div>
    <div
      class="wind"
    >
      Wind: 13mph s
    </div>
  </div>
</DocumentFragment>
`;
